Exception in thread "DefaultDispatcher-worker-1" kotlinx.serialization.SerializationException: Invalid data for `com.example.groceryapp.models.Address` expected a bson document found: STRING
	at org.bson.codecs.kotlinx.AbstractBsonDecoder$Companion.validateCurrentBsonType(BsonDecoder.kt:84)
	at org.bson.codecs.kotlinx.BsonDocumentDecoder.<init>(BsonDecoder.kt:239)
	at org.bson.codecs.kotlinx.JsonBsonDocumentDecoder.<init>(JsonBsonDecoder.kt:132)
	at org.bson.codecs.kotlinx.utils.BsonCodecUtils.createBsonDocumentDecoder$bson_kotlinx(BsonCodecUtils.kt:96)
	at org.bson.codecs.kotlinx.AbstractBsonDecoder.beginStructure(BsonDecoder.kt:148)
	at com.example.groceryapp.models.Address$$serializer.deserialize(Models.kt:43)
	at com.example.groceryapp.models.Address$$serializer.deserialize(Models.kt:43)
	at kotlinx.serialization.encoding.Decoder$DefaultImpls.decodeSerializableValue(Decoding.kt:257)
	at kotlinx.serialization.encoding.AbstractDecoder.decodeSerializableValue(AbstractDecoder.kt:16)
	at kotlinx.serialization.encoding.AbstractDecoder.decodeSerializableValue(AbstractDecoder.kt:43)
	at kotlinx.serialization.encoding.AbstractDecoder.decodeNullableSerializableElement(AbstractDecoder.kt:78)
	at com.example.groceryapp.models.User$$serializer.deserialize(Models.kt:52)
	at com.example.groceryapp.models.User$$serializer.deserialize(Models.kt:52)
	at org.bson.codecs.kotlinx.KotlinSerializerCodec.decode(KotlinSerializerCodec.kt:184)
	at com.mongodb.internal.operation.CommandResultArrayCodec.decode(CommandResultArrayCodec.java:52)
	at com.mongodb.internal.operation.CommandResultDocumentCodec.readValue(CommandResultDocumentCodec.java:60)
	at org.bson.codecs.BsonDocumentCodec.decode(BsonDocumentCodec.java:87)
	at org.bson.codecs.BsonDocumentCodec.decode(BsonDocumentCodec.java:42)
	at org.bson.internal.LazyCodec.decode(LazyCodec.java:53)
	at org.bson.codecs.BsonDocumentCodec.readValue(BsonDocumentCodec.java:104)
	at com.mongodb.internal.operation.CommandResultDocumentCodec.readValue(CommandResultDocumentCodec.java:63)
	at org.bson.codecs.BsonDocumentCodec.decode(BsonDocumentCodec.java:87)
	at org.bson.codecs.BsonDocumentCodec.decode(BsonDocumentCodec.java:42)
	at com.mongodb.internal.connection.ReplyMessage.<init>(ReplyMessage.java:45)
	at com.mongodb.internal.connection.InternalStreamConnection.getCommandResult(InternalStreamConnection.java:652)
	at com.mongodb.internal.connection.InternalStreamConnection.lambda$sendCommandMessageAsync$9(InternalStreamConnection.java:628)
	at com.mongodb.internal.connection.InternalStreamConnection$MessageHeaderCallback$MessageCallback.onResult(InternalStreamConnection.java:946)
	at com.mongodb.internal.connection.InternalStreamConnection$MessageHeaderCallback$MessageCallback.onResult(InternalStreamConnection.java:909)
	at com.mongodb.internal.connection.InternalStreamConnection$2.completed(InternalStreamConnection.java:743)
	at com.mongodb.internal.connection.InternalStreamConnection$2.completed(InternalStreamConnection.java:740)
	at com.mongodb.internal.connection.AsynchronousChannelStream$BasicCompletionHandler.completed(AsynchronousChannelStream.java:240)
	at com.mongodb.internal.connection.AsynchronousChannelStream$BasicCompletionHandler.completed(AsynchronousChannelStream.java:220)
	at com.mongodb.internal.connection.tlschannel.async.AsynchronousTlsChannel.lambda$read$4(AsynchronousTlsChannel.java:122)
	at java.base/java.util.concurrent.Executors$RunnableAdapter.call(Executors.java:572)
	at java.base/java.util.concurrent.FutureTask.run(FutureTask.java:317)
	at java.base/java.util.concurrent.ThreadPoolExecutor.runWorker(ThreadPoolExecutor.java:1144)
	at java.base/java.util.concurrent.ThreadPoolExecutor$Worker.run(ThreadPoolExecutor.java:642)
	at java.base/java.lang.Thread.run(Thread.java:1570)
	Suppressed: kotlinx.coroutines.internal.DiagnosticCoroutineContextException: [StandaloneCoroutine{Cancelling}@657e3fea, Dispatchers.Default]
