Exception in thread "DefaultDispatcher-worker-1" org.bson.BsonInvalidOperationException: Reading field '_id' failed expected STRING type but found: OBJECT_ID.
	at org.bson.codecs.kotlinx.AbstractBsonDecoder.decodeString(BsonDecoder.kt:344)
	at kotlinx.serialization.internal.StringSerializer.deserialize(Primitives.kt:131)
	at kotlinx.serialization.internal.StringSerializer.deserialize(Primitives.kt:127)
	at kotlinx.serialization.encoding.Decoder$DefaultImpls.decodeSerializableValue(Decoding.kt:257)
	at kotlinx.serialization.encoding.AbstractDecoder.decodeSerializableValue(AbstractDecoder.kt:16)
	at kotlinx.serialization.encoding.AbstractDecoder.decodeSerializableValue(AbstractDecoder.kt:43)
	at kotlinx.serialization.encoding.AbstractDecoder.decodeNullableSerializableElement(AbstractDecoder.kt:78)
	at com.example.groceryapp.models.User$$serializer.deserialize(Models.kt:21)
	at com.example.groceryapp.models.User$$serializer.deserialize(Models.kt:21)
	at org.bson.codecs.kotlinx.KotlinSerializerCodec.decode(KotlinSerializerCodec.kt:184)
	at com.mongodb.internal.operation.CommandResultArrayCodec.decode(CommandResultArrayCodec.java:52)
	at com.mongodb.internal.operation.CommandResultDocumentCodec.readValue(CommandResultDocumentCodec.java:60)
	at org.bson.codecs.BsonDocumentCodec.decode(BsonDocumentCodec.java:87)
	at org.bson.codecs.BsonDocumentCodec.decode(BsonDocumentCodec.java:42)
	at org.bson.internal.LazyCodec.decode(LazyCodec.java:53)
	at org.bson.codecs.BsonDocumentCodec.readValue(BsonDocumentCodec.java:104)
	at com.mongodb.internal.operation.CommandResultDocumentCodec.readValue(CommandResultDocumentCodec.java:63)
	at org.bson.codecs.BsonDocumentCodec.decode(BsonDocumentCodec.java:87)
	at org.bson.codecs.BsonDocumentCodec.decode(BsonDocumentCodec.java:42)
	at com.mongodb.internal.connection.ReplyMessage.<init>(ReplyMessage.java:45)
	at com.mongodb.internal.connection.InternalStreamConnection.getCommandResult(InternalStreamConnection.java:652)
	at com.mongodb.internal.connection.InternalStreamConnection.lambda$sendCommandMessageAsync$9(InternalStreamConnection.java:628)
	at com.mongodb.internal.connection.InternalStreamConnection$MessageHeaderCallback$MessageCallback.onResult(InternalStreamConnection.java:946)
	at com.mongodb.internal.connection.InternalStreamConnection$MessageHeaderCallback$MessageCallback.onResult(InternalStreamConnection.java:909)
	at com.mongodb.internal.connection.InternalStreamConnection$2.completed(InternalStreamConnection.java:743)
	at com.mongodb.internal.connection.InternalStreamConnection$2.completed(InternalStreamConnection.java:740)
	at com.mongodb.internal.connection.AsynchronousChannelStream$BasicCompletionHandler.completed(AsynchronousChannelStream.java:240)
	at com.mongodb.internal.connection.AsynchronousChannelStream$BasicCompletionHandler.completed(AsynchronousChannelStream.java:220)
	at com.mongodb.internal.connection.tlschannel.async.AsynchronousTlsChannel.lambda$read$4(AsynchronousTlsChannel.java:122)
	at java.base/java.util.concurrent.Executors$RunnableAdapter.call(Executors.java:572)
	at java.base/java.util.concurrent.FutureTask.run(FutureTask.java:317)
	at java.base/java.util.concurrent.ThreadPoolExecutor.runWorker(ThreadPoolExecutor.java:1144)
	at java.base/java.util.concurrent.ThreadPoolExecutor$Worker.run(ThreadPoolExecutor.java:642)
	at java.base/java.lang.Thread.run(Thread.java:1570)
	Suppressed: kotlinx.coroutines.internal.DiagnosticCoroutineContextException: [StandaloneCoroutine{Cancelling}@2d5fd6c7, Dispatchers.Default]
Caused by: org.bson.BsonInvalidOperationException: readString can only be called when CurrentBSONType is STRING, not when CurrentBSONType is OBJECT_ID.
	at org.bson.AbstractBsonReader.verifyBSONType(AbstractBsonReader.java:689)
	at org.bson.AbstractBsonReader.checkPreconditions(AbstractBsonReader.java:721)
	at org.bson.AbstractBsonReader.readString(AbstractBsonReader.java:456)
	at org.bson.codecs.kotlinx.AbstractBsonDecoder.decodeString(BsonDecoder.kt:172)
	... 33 more
Exception in thread "main" java.net.BindException: Address already in use: bind
	at java.base/sun.nio.ch.Net.bind0(Native Method)
	at java.base/sun.nio.ch.Net.bind(Net.java:565)
	at java.base/sun.nio.ch.ServerSocketChannelImpl.netBind(ServerSocketChannelImpl.java:344)
	at java.base/sun.nio.ch.ServerSocketChannelImpl.bind(ServerSocketChannelImpl.java:301)
	at io.netty.channel.socket.nio.NioServerSocketChannel.doBind(NioServerSocketChannel.java:141)
	at io.netty.channel.AbstractChannel$AbstractUnsafe.bind(AbstractChannel.java:561)
	at io.netty.channel.DefaultChannelPipeline$HeadContext.bind(DefaultChannelPipeline.java:1281)
	at io.netty.channel.AbstractChannelHandlerContext.invokeBind(AbstractChannelHandlerContext.java:600)
	at io.netty.channel.AbstractChannelHandlerContext.bind(AbstractChannelHandlerContext.java:579)
	at io.netty.channel.DefaultChannelPipeline.bind(DefaultChannelPipeline.java:922)
	at io.netty.channel.AbstractChannel.bind(AbstractChannel.java:259)
	at io.netty.bootstrap.AbstractBootstrap$2.run(AbstractBootstrap.java:380)
	at io.netty.util.concurrent.AbstractEventExecutor.runTask(AbstractEventExecutor.java:173)
	at io.netty.util.concurrent.AbstractEventExecutor.safeExecute(AbstractEventExecutor.java:166)
	at io.netty.util.concurrent.SingleThreadEventExecutor.runAllTasks(SingleThreadEventExecutor.java:472)
	at io.netty.channel.nio.NioEventLoop.run(NioEventLoop.java:569)
	at io.netty.util.concurrent.SingleThreadEventExecutor$4.run(SingleThreadEventExecutor.java:997)
	at io.netty.util.internal.ThreadExecutorMap$2.run(ThreadExecutorMap.java:74)
	at io.netty.util.concurrent.FastThreadLocalRunnable.run(FastThreadLocalRunnable.java:30)
	at java.base/java.lang.Thread.run(Thread.java:1570)
